// Jest Snapshot v1, https://goo.gl/fbAQLP

exports[`AppComponent rendering component should match snapshot 1`] = `
<ogm-app-root
  faConfig={[Function FaConfig]}
  faIconLibrary={[Function FaIconLibrary]}
>
  <ogm-navigation /><div
    class="main"
  >
    <div
      class="content"
    >
      <router-outlet />
      <mat-card
        class="wiki mat-card mat-focus-indicator"
      >
        <mat-card-content
          class="mat-card-content"
        >
          <p>
             Een overschrijving met gestructureerde mededeling of OGM is een combinatie van drie groepen van drie, vier en vijf cijfers gescheiden door een schuine streep. 
          </p>
          <p>
             Deze mededeling wordt in België vaak gebruikt om overschrijvingen automatisch te kunnen laten verwerken. Zo weet het computersysteem van de ontvanger onmiddellijk welke factuur betaald wordt. Op deze manier is er geen personeel nodig om te gaan kijken welke rekeningen vereffend werden. 
          </p>
          <p>
             De eerste tien cijfers zijn bijvoorbeeld een klantennummer of een factuurnummer. De laatste twee cijfers vormen het controlegetal dat verkregen wordt door van de voorgaande tien cijfers de rest bij Euclidische deling door 97 te berekenen (modulo 97). 
            <em>
              Uitzondering: Indien de rest 0 bedraagt, dan wordt als controlegetal 97 gebruikt.
            </em>
          </p>
          <p>
            Voor en achter de cijfers worden drie plussen (+++) of sterretjes (***) gezet.
          </p>
          <p>
             Bron: 
            <a
              href="https://nl.wikipedia.org/wiki/Gestructureerde_mededeling"
              target="_blank"
              title="Source reference"
            >
              [wikipedia]
            </a>
          </p>
        </mat-card-content>
      </mat-card>
    </div>
    <div
      class="copyright"
    >
      <small>
        Developed with 
        <fa-icon
          class="ng-fa-icon"
          style="color: red;"
        >
          <svg
            aria-hidden="true"
            class="svg-inline--fa fa-heart fa-w-16 fa-fw"
            data-icon="heart"
            data-prefix="fas"
            focusable="false"
            role="img"
            viewBox="0 0 512 512"
            xmlns="http://www.w3.org/2000/svg"
          >
            <path
              d="M462.3 62.6C407.5 15.9 326 24.3 275.7 76.2L256 96.5l-19.7-20.3C186.1 24.3 104.5 15.9 49.7 62.6c-62.8 53.6-66.1 149.8-9.9 207.9l193.5 199.8c12.5 12.9 32.8 12.9 45.3 0l193.5-199.8c56.3-58.1 53-154.3-9.8-207.9z"
              fill="currentColor"
            />
          </svg>
        </fa-icon>
         by 
        <a
          href="https://twitter.com/maartentibau"
          rel="noopener noreferrer"
          target="_blank"
        >
          Maarten Tibau
        </a>
        <span>
          •
        </span>
        <a
          href="https://www.buymeacoffee.com/maartentibau"
          rel="noopener noreferrer"
          target="_blank"
        >
          <img
            height="13"
            src="assets/images/buy-me-a-coffee.svg"
          />
           Buy me a coffee
        </a>
        <span>
          •
        </span>
         Source code on 
        <a
          href="https://github.com/maartentibau/gestructureerde-mededeling"
          rel="noopener noreferrer"
          target="_blank"
        >
          <fa-icon
            class="ng-fa-icon"
            style="color: black;"
          >
            <svg
              aria-hidden="true"
              class="svg-inline--fa fa-github fa-w-16 fa-fw"
              data-icon="github"
              data-prefix="fab"
              focusable="false"
              role="img"
              viewBox="0 0 496 512"
              xmlns="http://www.w3.org/2000/svg"
            >
              <path
                d="M165.9 397.4c0 2-2.3 3.6-5.2 3.6-3.3.3-5.6-1.3-5.6-3.6 0-2 2.3-3.6 5.2-3.6 3-.3 5.6 1.3 5.6 3.6zm-31.1-4.5c-.7 2 1.3 4.3 4.3 4.9 2.6 1 5.6 0 6.2-2s-1.3-4.3-4.3-5.2c-2.6-.7-5.5.3-6.2 2.3zm44.2-1.7c-2.9.7-4.9 2.6-4.6 4.9.3 2 2.9 3.3 5.9 2.6 2.9-.7 4.9-2.6 4.6-4.6-.3-1.9-3-3.2-5.9-2.9zM244.8 8C106.1 8 0 113.3 0 252c0 110.9 69.8 205.8 169.5 239.2 12.8 2.3 17.3-5.6 17.3-12.1 0-6.2-.3-40.4-.3-61.4 0 0-70 15-84.7-29.8 0 0-11.4-29.1-27.8-36.6 0 0-22.9-15.7 1.6-15.4 0 0 24.9 2 38.6 25.8 21.9 38.6 58.6 27.5 72.9 20.9 2.3-16 8.8-27.1 16-33.7-55.9-6.2-112.3-14.3-112.3-110.5 0-27.5 7.6-41.3 23.6-58.9-2.6-6.5-11.1-33.3 2.6-67.9 20.9-6.5 69 27 69 27 20-5.6 41.5-8.5 62.8-8.5s42.8 2.9 62.8 8.5c0 0 48.1-33.6 69-27 13.7 34.7 5.2 61.4 2.6 67.9 16 17.7 25.8 31.5 25.8 58.9 0 96.5-58.9 104.2-114.8 110.5 9.2 7.9 17 22.9 17 46.4 0 33.7-.3 75.4-.3 83.6 0 6.5 4.6 14.4 17.3 12.1C428.2 457.8 496 362.9 496 252 496 113.3 383.5 8 244.8 8zM97.2 352.9c-1.3 1-1 3.3.7 5.2 1.6 1.6 3.9 2.3 5.2 1 1.3-1 1-3.3-.7-5.2-1.6-1.6-3.9-2.3-5.2-1zm-10.8-8.1c-.7 1.3.3 2.9 2.3 3.9 1.6 1 3.6.7 4.3-.7.7-1.3-.3-2.9-2.3-3.9-2-.6-3.6-.3-4.3.7zm32.4 35.6c-1.6 1.3-1 4.3 1.3 6.2 2.3 2.3 5.2 2.6 6.5 1 1.3-1.3.7-4.3-1.3-6.2-2.2-2.3-5.2-2.6-6.5-1zm-11.4-14.7c-1.6 1-1.6 3.6 0 5.9 1.6 2.3 4.3 3.3 5.6 2.3 1.6-1.3 1.6-3.9 0-6.2-1.4-2.3-4-3.3-5.6-2z"
                fill="currentColor"
              />
            </svg>
          </fa-icon>
           GitHub
        </a>
      </small>
    </div>
  </div>
</ogm-app-root>
`;
