// Jest Snapshot v1, https://goo.gl/fbAQLP

exports[`CreateComponent rendering component should match snapshot 1`] = `
<ogm-create
  ogm={[Function Function]}
>
  <ogm-number>
    <div>
    </div>
    <div>
    </div>
  </ogm-number><ogm-input
    placeholdermessage="vul een getal in van maximaal 10 cijfers"
  >
    <div>
    </div>
    <div>
    </div>
  </ogm-input><ogm-controls>
    <div>
    </div>
    <div>
    </div>
    <div>
    </div>
    <div>
    </div>
  </ogm-controls>
</ogm-create>
`;
