// Jest Snapshot v1, https://goo.gl/fbAQLP

exports[`GenerateComponent rendering component should match snapshot 1`] = `
<ogm-generate
  __ngContext__={[Function Number]}
  ogm={[Function Object]}
  ogmService={[Function OgmService]}
  snackBar={[Function MatSnackBar]}
  title={[Function Title]}
>
  <ogm-number>
    <div>
      "+++123/4567/89012+++"
    </div>
    <div>
    </div>
  </ogm-number><ogm-controls>
    <div>
      true
    </div>
    <div>
      true
    </div>
    <div>
      true
    </div>
    <div>
      {
    "number": "123456789012",
    "numberFormat": "+++123/4567/89012+++"
  }
    </div>
  </ogm-controls>
</ogm-generate>
`;
